2026-01-18 14:31:23 - ashlar_evos.scripts.register_multi_scale - INFO - ======================================================================
2026-01-18 14:31:23 - ashlar_evos.scripts.register_multi_scale - INFO - Multi-Scale Registration Pipeline
2026-01-18 14:31:23 - ashlar_evos.scripts.register_multi_scale - INFO - ======================================================================
2026-01-18 14:31:23 - ashlar_evos.scripts.register_multi_scale - INFO - Base input directory: .
2026-01-18 14:31:23 - ashlar_evos.scripts.register_multi_scale - INFO - Base output directory: .
2026-01-18 14:31:23 - ashlar_evos.scripts.register_multi_scale - INFO - Scales: 1x, 2x, 4x, 8x, 16x
2026-01-18 14:31:23 - ashlar_evos.scripts.register_multi_scale - INFO - 
2026-01-18 14:31:23 - ashlar_evos.scripts.register_multi_scale - INFO - ======================================================================
2026-01-18 14:31:23 - ashlar_evos.scripts.register_multi_scale - INFO - Running Registration for 1.0x Scale
2026-01-18 14:31:23 - ashlar_evos.scripts.register_multi_scale - INFO -   Image size: 2048×2048 pixels
2026-01-18 14:31:23 - ashlar_evos.scripts.register_multi_scale - INFO -   Input directory: synthetic_test_images\1x
2026-01-18 14:31:23 - ashlar_evos.scripts.register_multi_scale - INFO -   Output directory: aligned_output_1x
2026-01-18 14:31:23 - ashlar_evos.scripts.register_multi_scale - INFO - ======================================================================
2026-01-18 14:31:23 - ashlar_evos.scripts.register_multi_scale - INFO - 
2026-01-18 14:31:23 - ashlar_evos.scripts.register_multi_scale - INFO - Found 3 cycle files:
2026-01-18 14:31:23 - ashlar_evos.scripts.register_multi_scale - INFO -   cycle_00.ome.tif
2026-01-18 14:31:23 - ashlar_evos.scripts.register_multi_scale - INFO -   cycle_01.ome.tif
2026-01-18 14:31:23 - ashlar_evos.scripts.register_multi_scale - INFO -   cycle_02.ome.tif
2026-01-18 14:31:23 - ashlar_evos.scripts.register_multi_scale - INFO - 
2026-01-18 14:31:23 - ashlar_evos.scripts.register_multi_scale - INFO -   Adaptive pyramid level: 0 (requested: 3)
2026-01-18 14:31:23 - ashlar_evos.scripts.register_multi_scale - INFO - 
2026-01-18 14:34:57 - ashlar_evos.scripts.register_multi_scale - INFO - ======================================================================
2026-01-18 14:34:57 - ashlar_evos.scripts.register_multi_scale - INFO - Multi-Scale Registration Pipeline
2026-01-18 14:34:57 - ashlar_evos.scripts.register_multi_scale - INFO - ======================================================================
2026-01-18 14:34:57 - ashlar_evos.scripts.register_multi_scale - INFO - Base input directory: .
2026-01-18 14:34:57 - ashlar_evos.scripts.register_multi_scale - INFO - Base output directory: .
2026-01-18 14:34:57 - ashlar_evos.scripts.register_multi_scale - INFO - Scales: 1x, 2x, 4x, 8x, 16x
2026-01-18 14:34:57 - ashlar_evos.scripts.register_multi_scale - INFO - 
2026-01-18 14:34:57 - ashlar_evos.scripts.register_multi_scale - INFO - ======================================================================
2026-01-18 14:34:57 - ashlar_evos.scripts.register_multi_scale - INFO - Running Registration for 1.0x Scale
2026-01-18 14:34:57 - ashlar_evos.scripts.register_multi_scale - INFO -   Image size: 2048×2048 pixels
2026-01-18 14:34:57 - ashlar_evos.scripts.register_multi_scale - INFO -   Input directory: synthetic_test_images\1x
2026-01-18 14:34:57 - ashlar_evos.scripts.register_multi_scale - INFO -   Output directory: aligned_output_1x
2026-01-18 14:34:57 - ashlar_evos.scripts.register_multi_scale - INFO - ======================================================================
2026-01-18 14:34:57 - ashlar_evos.scripts.register_multi_scale - INFO - 
2026-01-18 14:34:57 - ashlar_evos.scripts.register_multi_scale - INFO - Found 3 cycle files:
2026-01-18 14:34:57 - ashlar_evos.scripts.register_multi_scale - INFO -   cycle_00.ome.tif
2026-01-18 14:34:57 - ashlar_evos.scripts.register_multi_scale - INFO -   cycle_01.ome.tif
2026-01-18 14:34:57 - ashlar_evos.scripts.register_multi_scale - INFO -   cycle_02.ome.tif
2026-01-18 14:34:57 - ashlar_evos.scripts.register_multi_scale - INFO - 
2026-01-18 14:34:57 - ashlar_evos.scripts.register_multi_scale - INFO -   Adaptive pyramid level: 0 (requested: 3)
2026-01-18 14:34:57 - ashlar_evos.scripts.register_multi_scale - INFO - 
2026-01-18 14:50:20 - ashlar_evos.scripts.register_multi_scale - INFO - ======================================================================
2026-01-18 14:50:20 - ashlar_evos.scripts.register_multi_scale - INFO - Multi-Scale Registration Pipeline
2026-01-18 14:50:20 - ashlar_evos.scripts.register_multi_scale - INFO - ======================================================================
2026-01-18 14:50:20 - ashlar_evos.scripts.register_multi_scale - INFO - Base input directory: .
2026-01-18 14:50:20 - ashlar_evos.scripts.register_multi_scale - INFO - Base output directory: .
2026-01-18 14:50:20 - ashlar_evos.scripts.register_multi_scale - INFO - Scales: 1x, 2x, 4x, 8x, 16x
2026-01-18 14:50:20 - ashlar_evos.scripts.register_multi_scale - INFO - 
2026-01-18 14:50:20 - ashlar_evos.scripts.register_multi_scale - INFO - ======================================================================
2026-01-18 14:50:20 - ashlar_evos.scripts.register_multi_scale - INFO - Running Registration for 1.0x Scale
2026-01-18 14:50:20 - ashlar_evos.scripts.register_multi_scale - INFO -   Image size: 2048×2048 pixels
2026-01-18 14:50:20 - ashlar_evos.scripts.register_multi_scale - INFO -   Input directory: synthetic_test_images\1x
2026-01-18 14:50:20 - ashlar_evos.scripts.register_multi_scale - INFO -   Output directory: aligned_output_1x
2026-01-18 14:50:20 - ashlar_evos.scripts.register_multi_scale - INFO - ======================================================================
2026-01-18 14:50:20 - ashlar_evos.scripts.register_multi_scale - INFO - 
2026-01-18 14:50:20 - ashlar_evos.scripts.register_multi_scale - INFO - Found 3 cycle files:
2026-01-18 14:50:20 - ashlar_evos.scripts.register_multi_scale - INFO -   cycle_00.ome.tif
2026-01-18 14:50:20 - ashlar_evos.scripts.register_multi_scale - INFO -   cycle_01.ome.tif
2026-01-18 14:50:20 - ashlar_evos.scripts.register_multi_scale - INFO -   cycle_02.ome.tif
2026-01-18 14:50:20 - ashlar_evos.scripts.register_multi_scale - INFO - 
2026-01-18 14:50:20 - ashlar_evos.scripts.register_multi_scale - INFO -   Adaptive pyramid level: 0 (requested: 3)
2026-01-18 14:50:20 - ashlar_evos.scripts.register_multi_scale - INFO - 
